2026-08-17 16:07:21 Loaded main app package /nix/store/3szhh2b6digxambw52jzgvl3zbmmm3n1-obsidian-1.13.4/share/obsidian/obsidian.asar
2026-08-17 16:07:22 Checking for update using Github
2026-08-17 16:08:51 Loaded main app package /nix/store/3szhh2b6digxambw52jzgvl3zbmmm3n1-obsidian-1.13.4/share/obsidian/obsidian.asar
2026-08-17 16:08:51 Checking for update using Github
2026-08-17 16:09:00 Loaded main app package /nix/store/3szhh2b6digxambw52jzgvl3zbmmm3n1-obsidian-1.13.4/share/obsidian/obsidian.asar
2026-08-17 16:09:00 Checking for update using Github
2026-08-17 16:09:40 Loaded main app package /nix/store/3szhh2b6digxambw52jzgvl3zbmmm3n1-obsidian-1.13.4/share/obsidian/obsidian.asar
2026-08-17 16:10:31 Failed to check for update using Github (Unexpected token '<', "
<?xml vers"... is not valid JSON)
2026-08-17 16:10:31 Checking for update using obsidian.md
2026-08-17 16:10:31 Failed to check for update using obsidian.md (Unexpected end of JSON input)
2026-08-17 16:12:02 Loaded main app package /nix/store/3szhh2b6digxambw52jzgvl3zbmmm3n1-obsidian-1.13.4/share/obsidian/obsidian.asar
2026-08-17 16:12:34 Loaded main app package /nix/store/3szhh2b6digxambw52jzgvl3zbmmm3n1-obsidian-1.13.4/share/obsidian/obsidian.asar
2026-08-17 16:12:49 Loaded main app package /nix/store/3szhh2b6digxambw52jzgvl3zbmmm3n1-obsidian-1.13.4/share/obsidian/obsidian.asar
2026-08-17 17:09:00 Checking for update using Github
2026-08-17 17:09:00 Success.
2026-08-17 17:09:00 Latest version is 1.13.7
2026-08-17 17:09:00 Downloading update from https://github.com/obsidianmd/obsidian-releases/releases/download/v1.13.7/obsidian-1.13.7.asar.gz
2026-08-17 17:09:01 Verifying hash & signature. Size= 8773048
2026-08-17 17:09:01 Saving file
2026-08-17 17:09:01 Update complete.
2026-08-28 17:13:27 Loaded updated app /home/hamlak/.config/obsidian/obsidian-1.13.7.asar
2026-08-28 17:13:27 Checking for update using Github
2026-08-28 17:13:27 Success.
2026-08-28 17:13:27 Latest version is 1.13.7
2026-08-28 17:13:27 App is up to date.
2026-09-03 15:37:01 Loaded updated app /home/hamlak/.config/obsidian/obsidian-1.13.7.asar
2026-09-03 15:37:01 Checking for update using Github
2026-09-03 15:37:01 Success.
2026-09-03 15:37:01 Latest version is 1.13.7
2026-09-03 15:37:01 App is up to date.
2026-09-03 15:39:23 Loaded updated app /home/hamlak/.config/obsidian/obsidian-1.13.7.asar
2026-09-03 15:39:32 Loaded updated app /home/hamlak/.config/obsidian/obsidian-1.13.7.asar
2026-09-03 15:39:49 Loaded updated app /home/hamlak/.config/obsidian/obsidian-1.13.7.asar
2026-09-03 15:39:50 Checking for update using Github
2026-09-03 15:39:50 Success.
2026-09-03 15:39:50 Latest version is 1.13.7
2026-09-03 15:39:50 App is up to date.
2026-09-03 15:40:07 Loaded updated app /home/hamlak/.config/obsidian/obsidian-1.13.7.asar
2026-09-03 15:40:23 Loaded updated app /home/hamlak/.config/obsidian/obsidian-1.13.7.asar
2026-09-03 15:40:23 Checking for update using Github
2026-09-03 15:40:23 Success.
2026-09-03 15:40:23 Latest version is 1.13.7
2026-09-03 15:40:23 App is up to date.
2026-09-03 16:40:23 Checking for update using Github
2026-09-03 16:40:23 Success.
2026-09-03 16:40:23 Latest version is 1.13.7
2026-09-03 16:40:23 App is up to date.
2026-09-04 14:21:44 Loaded updated app /home/hamlak/.config/obsidian/obsidian-1.13.7.asar
2026-09-04 14:21:44 Checking for update using Github
2026-09-04 14:21:45 Success.
2026-09-04 14:21:45 Latest version is 1.13.7
2026-09-04 14:21:45 App is up to date.
2026-09-11 06:34:04 Loaded updated app /home/hamlak/.config/obsidian/obsidian-1.13.7.asar
2026-09-11 06:34:04 Checking for update using Github
2026-09-11 06:34:04 Success.
2026-09-11 06:34:04 Latest version is 1.13.7
2026-09-11 06:34:04 App is up to date.
2026-09-11 07:34:04 Checking for update using Github
2026-09-11 07:34:04 Success.
2026-09-11 07:34:04 Latest version is 1.13.7
2026-09-11 07:34:04 App is up to date.
2026-09-30 09:22:59 Loaded updated app /home/hamlak/.config/obsidian/obsidian-1.13.7.asar
2026-09-30 09:23:00 Checking for update using Github
2026-09-30 09:23:00 Success.
2026-09-30 09:23:00 Latest version is 1.13.7
2026-09-30 09:23:00 App is up to date.
2026-09-30 09:23:30 Loaded updated app /home/hamlak/.config/obsidian/obsidian-1.13.7.asar
2026-09-30 09:23:30 Checking for update using Github
2026-09-30 09:23:30 Success.
2026-09-30 09:23:30 Latest version is 1.13.7
2026-09-30 09:23:30 App is up to date.
2026-09-30 09:37:46 Loaded updated app /home/hamlak/.config/obsidian/obsidian-1.13.7.asar
2026-09-30 09:37:46 Checking for update using Github
2026-09-30 09:37:46 Success.
2026-09-30 09:37:46 Latest version is 1.13.7
2026-09-30 09:37:46 App is up to date.
2026-09-30 10:37:46 Checking for update using Github
2026-09-30 10:37:46 Success.
2026-09-30 10:37:46 Latest version is 1.13.7
2026-09-30 10:37:46 App is up to date.
2026-09-30 11:37:46 Checking for update using Github
2026-09-30 11:37:46 Success.
2026-09-30 11:37:46 Latest version is 1.13.7
2026-09-30 11:37:46 App is up to date.
2026-09-30 13:15:41 Loaded updated app /home/hamlak/.config/obsidian/obsidian-1.13.7.asar
2026-09-30 13:15:41 Checking for update using Github
2026-09-30 13:15:42 Success.
2026-09-30 13:15:42 Latest version is 1.13.7
2026-09-30 13:15:42 App is up to date.
2026-09-30 13:16:06 Loaded updated app /home/hamlak/.config/obsidian/obsidian-1.13.7.asar
2026-09-30 13:16:06 Checking for update using Github
2026-09-30 13:16:06 Success.
2026-09-30 13:16:06 Latest version is 1.13.7
2026-09-30 13:16:06 App is up to date.
2026-09-30 13:23:46 Loaded updated app /home/hamlak/.config/obsidian/obsidian-1.13.7.asar
2026-09-30 13:23:46 Checking for update using Github
2026-09-30 13:23:47 Success.
2026-09-30 13:23:47 Latest version is 1.13.7
2026-09-30 13:23:47 App is up to date.
2026-09-30 13:45:02 Loaded updated app /home/hamlak/.config/obsidian/obsidian-1.13.7.asar
2026-09-30 13:45:03 Checking for update using Github
2026-09-30 13:45:03 Success.
2026-09-30 13:45:03 Latest version is 1.13.7
2026-09-30 13:45:03 App is up to date.
2026-09-30 13:59:21 Loaded updated app /home/hamlak/.config/obsidian/obsidian-1.13.7.asar
2026-09-30 13:59:31 Loaded updated app /home/hamlak/.config/obsidian/obsidian-1.13.7.asar
2026-09-30 13:59:31 Checking for update using Github
2026-09-30 13:59:31 Success.
2026-09-30 13:59:31 Latest version is 1.13.7
2026-09-30 13:59:31 App is up to date.
2026-09-30 14:59:31 Checking for update using Github
2026-09-30 14:59:31 Success.
2026-09-30 14:59:31 Latest version is 1.13.7
2026-09-30 14:59:31 App is up to date.
2026-09-30 15:53:29 Loaded updated app /home/hamlak/.config/obsidian/obsidian-1.13.7.asar
2026-09-30 15:53:29 Checking for update using Github
2026-09-30 15:53:29 Success.
2026-09-30 15:53:29 Latest version is 1.13.7
2026-09-30 15:53:29 App is up to date.
2026-09-30 15:53:43 Loaded updated app /home/hamlak/.config/obsidian/obsidian-1.13.7.asar
2026-09-30 15:53:43 Checking for update using Github
2026-09-30 15:53:43 Success.
2026-09-30 15:53:43 Latest version is 1.13.7
2026-09-30 15:53:43 App is up to date.
2026-09-30 16:04:16 Loaded updated app /home/hamlak/.config/obsidian/obsidian-1.13.7.asar
2026-09-30 16:04:16 Checking for update using Github
2026-09-30 16:04:16 Success.
2026-09-30 16:04:16 Latest version is 1.13.7
2026-09-30 16:04:16 App is up to date.
2026-09-30 16:07:39 Loaded updated app /home/hamlak/.config/obsidian/obsidian-1.13.7.asar
2026-09-30 16:07:39 Checking for update using Github
2026-09-30 16:07:39 Success.
2026-09-30 16:07:39 Latest version is 1.13.7
2026-09-30 16:07:39 App is up to date.
2026-09-30 16:21:10 Loaded updated app /home/hamlak/.config/obsidian/obsidian-1.13.7.asar
2026-09-30 16:21:10 Checking for update using Github
2026-09-30 16:21:10 Success.
2026-09-30 16:21:10 Latest version is 1.13.7
2026-09-30 16:21:10 App is up to date.
2026-09-30 16:45:02 Loaded updated app /home/hamlak/.config/obsidian/obsidian-1.13.7.asar
2026-09-30 16:45:02 Checking for update using Github
2026-09-30 16:45:03 Success.
2026-09-30 16:45:03 Latest version is 1.13.7
2026-09-30 16:45:03 App is up to date.
2026-09-30 16:45:08 Loaded updated app /home/hamlak/.config/obsidian/obsidian-1.13.7.asar
2026-09-30 16:45:08 Checking for update using Github
2026-09-30 16:45:08 Success.
2026-09-30 16:45:08 Latest version is 1.13.7
2026-09-30 16:45:08 App is up to date.
